c:\users\jintani koutarou\desktop\2dlv1_00_x64vs2022\2dlv1_00_x64vs2022\gameprogramming64\x64\debug\vc143.pdb
c:\users\jintani koutarou\desktop\2dlv1_00_x64vs2022\2dlv1_00_x64vs2022\gameprogramming64\x64\debug\vc143.idb
c:\users\jintani koutarou\desktop\2dlv1_00_x64vs2022\2dlv1_00_x64vs2022\gameprogramming64\x64\debug\main.obj
c:\users\jintani koutarou\desktop\2dlv1_00_x64vs2022\2dlv1_00_x64vs2022\gameprogramming64\x64\debug\ctexture.obj
c:\users\jintani koutarou\desktop\2dlv1_00_x64vs2022\2dlv1_00_x64vs2022\gameprogramming64\x64\debug\csound.obj
c:\users\jintani koutarou\desktop\2dlv1_00_x64vs2022\2dlv1_00_x64vs2022\gameprogramming64\x64\debug\capplication.obj
c:\users\jintani koutarou\desktop\2dlv1_00_x64vs2022\2dlv1_00_x64vs2022\gameprogramming64\x64\debug\cinput.obj
c:\users\jintani koutarou\desktop\2dlv1_00_x64vs2022\2dlv1_00_x64vs2022\gameprogramming64\x64\debug\crectangle.obj
c:\users\jintani koutarou\desktop\2dlv1_00_x64vs2022\2dlv1_00_x64vs2022\gameprogramming64\x64\debug\ccharacter.obj
c:\users\jintani koutarou\desktop\2dlv1_00_x64vs2022\2dlv1_00_x64vs2022\gameprogramming64\x64\debug\cbullet.obj
c:\users\jintani koutarou\desktop\2dlv1_00_x64vs2022\2dlv1_00_x64vs2022\gameprogramming64\x64\debug\cplayer.obj
c:\users\jintani koutarou\desktop\2dlv1_00_x64vs2022\2dlv1_00_x64vs2022\gameprogramming64\x64\debug\cenemy.obj
c:\users\jintani koutarou\desktop\2dlv1_00_x64vs2022\2dlv1_00_x64vs2022\gameprogramming64\x64\debug\cfont.obj
c:\users\jintani koutarou\desktop\2dlv1_00_x64vs2022\2dlv1_00_x64vs2022\gameprogramming64\x64\debug\cmiss.obj
c:\users\jintani koutarou\desktop\2dlv1_00_x64vs2022\2dlv1_00_x64vs2022\gameprogramming64\x64\debug\ccharactermanager.obj
c:\users\jintani koutarou\desktop\2dlv1_00_x64vs2022\2dlv1_00_x64vs2022\gameprogramming64\x64\debug\cgame.obj
c:\users\jintani koutarou\desktop\2dlv1_00_x64vs2022\2dlv1_00_x64vs2022\gameprogramming64\x64\debug\cblock.obj
c:\users\jintani koutarou\desktop\2dlv1_00_x64vs2022\2dlv1_00_x64vs2022\gameprogramming64\x64\debug\cplayer2.obj
c:\users\jintani koutarou\desktop\2dlv1_00_x64vs2022\2dlv1_00_x64vs2022\gameprogramming64\x64\debug\cenemy2.obj
c:\users\jintani koutarou\desktop\2dlv1_00_x64vs2022\2dlv1_00_x64vs2022\gameprogramming64\x64\debug\cpoint.obj
c:\users\jintani koutarou\desktop\2dlv1_00_x64vs2022\2dlv1_00_x64vs2022\gameprogramming64\x64\debug\cui.obj
c:\users\jintani koutarou\desktop\2dlv1_00_x64vs2022\2dlv1_00_x64vs2022\gameprogramming64\x64\debug\ccamera.obj
c:\users\jintani koutarou\desktop\2dlv1_00_x64vs2022\2dlv1_00_x64vs2022\x64\debug\gameprogramming64.exe
c:\users\jintani koutarou\desktop\2dlv1_00_x64vs2022\2dlv1_00_x64vs2022\x64\debug\gameprogramming64.pdb
c:\users\jintani koutarou\desktop\2dlv1_00_x64vs2022\2dlv1_00_x64vs2022\gameprogramming64\x64\debug\gameprogramming64.ilk
c:\users\jintani koutarou\desktop\2dlv1_00_x64vs2022\2dlv1_00_x64vs2022\gameprogramming64\x64\debug\gameprog.094b5f39.tlog\cl.command.1.tlog
c:\users\jintani koutarou\desktop\2dlv1_00_x64vs2022\2dlv1_00_x64vs2022\gameprogramming64\x64\debug\gameprog.094b5f39.tlog\cl.items.tlog
c:\users\jintani koutarou\desktop\2dlv1_00_x64vs2022\2dlv1_00_x64vs2022\gameprogramming64\x64\debug\gameprog.094b5f39.tlog\cl.read.1.tlog
c:\users\jintani koutarou\desktop\2dlv1_00_x64vs2022\2dlv1_00_x64vs2022\gameprogramming64\x64\debug\gameprog.094b5f39.tlog\cl.write.1.tlog
c:\users\jintani koutarou\desktop\2dlv1_00_x64vs2022\2dlv1_00_x64vs2022\gameprogramming64\x64\debug\gameprog.094b5f39.tlog\link.command.1.tlog
c:\users\jintani koutarou\desktop\2dlv1_00_x64vs2022\2dlv1_00_x64vs2022\gameprogramming64\x64\debug\gameprog.094b5f39.tlog\link.read.1.tlog
c:\users\jintani koutarou\desktop\2dlv1_00_x64vs2022\2dlv1_00_x64vs2022\gameprogramming64\x64\debug\gameprog.094b5f39.tlog\link.secondary.1.tlog
c:\users\jintani koutarou\desktop\2dlv1_00_x64vs2022\2dlv1_00_x64vs2022\gameprogramming64\x64\debug\gameprog.094b5f39.tlog\link.write.1.tlog
