  CApplication.cpp
  CBullet.cpp
C:\Users\JINTANI KOUTAROU\Desktop\2DLv1_00_x64vs2022\2DLv1_00_x64vs2022\GameProgramming64\CBullet.cpp(38,23): warning C4244: '引数': 'float' から 'int' への変換です。データが失われる可能性があります。
C:\Users\JINTANI KOUTAROU\Desktop\2DLv1_00_x64vs2022\2DLv1_00_x64vs2022\GameProgramming64\CBullet.cpp(38,20): warning C4244: '引数': 'float' から 'int' への変換です。データが失われる可能性があります。
C:\Users\JINTANI KOUTAROU\Desktop\2DLv1_00_x64vs2022\2DLv1_00_x64vs2022\GameProgramming64\CBullet.cpp(38,17): warning C4244: '引数': 'float' から 'int' への変換です。データが失われる可能性があります。
C:\Users\JINTANI KOUTAROU\Desktop\2DLv1_00_x64vs2022\2DLv1_00_x64vs2022\GameProgramming64\CBullet.cpp(38,14): warning C4244: '引数': 'float' から 'int' への変換です。データが失われる可能性があります。
  CEnemy.cpp
C:\Users\JINTANI KOUTAROU\Desktop\2DLv1_00_x64vs2022\2DLv1_00_x64vs2022\GameProgramming64\CEnemy.cpp(36,23): warning C4244: '引数': 'float' から 'int' への変換です。データが失われる可能性があります。
C:\Users\JINTANI KOUTAROU\Desktop\2DLv1_00_x64vs2022\2DLv1_00_x64vs2022\GameProgramming64\CEnemy.cpp(36,20): warning C4244: '引数': 'float' から 'int' への変換です。データが失われる可能性があります。
C:\Users\JINTANI KOUTAROU\Desktop\2DLv1_00_x64vs2022\2DLv1_00_x64vs2022\GameProgramming64\CEnemy.cpp(36,17): warning C4244: '引数': 'float' から 'int' への変換です。データが失われる可能性があります。
C:\Users\JINTANI KOUTAROU\Desktop\2DLv1_00_x64vs2022\2DLv1_00_x64vs2022\GameProgramming64\CEnemy.cpp(36,14): warning C4244: '引数': 'float' から 'int' への変換です。データが失われる可能性があります。
  CEnemy2.cpp
  CGame.cpp
C:\Users\JINTANI KOUTAROU\Desktop\2DLv1_00_x64vs2022\2DLv1_00_x64vs2022\GameProgramming64\CGame.cpp(67,24): warning C4244: '=': 'float' から 'int' への変換です。データが失われる可能性があります。
C:\Users\JINTANI KOUTAROU\Desktop\2DLv1_00_x64vs2022\2DLv1_00_x64vs2022\GameProgramming64\CGame.cpp(69,25): warning C4244: '=': 'float' から 'int' への変換です。データが失われる可能性があります。
  CPlayer.cpp
  CPlayer2.cpp
C:\Users\JINTANI KOUTAROU\Desktop\2DLv1_00_x64vs2022\2DLv1_00_x64vs2022\GameProgramming64\CPlayer2.cpp(11,1): warning C4005: 'VELOCITY': マクロが再定義されました。
  C:\Users\JINTANI KOUTAROU\Desktop\2DLv1_00_x64vs2022\2DLv1_00_x64vs2022\GameProgramming64\CCharacter.h(5,1):
  'VELOCITY' の以前の定義を確認してください
  
  main.cpp
  コードを生成中...
glew32s.lib(glew.obj) : warning LNK4099: PDB '' が 'glew32s.lib(glew.obj)' で、または '' に見つかりません。デバッグ情報がないものとして、オブジェクトにリンクします。
LINK : warning LNK4098: defaultlib 'LIBCMTD' は他のライブラリの使用と競合しています。/NODEFAULTLIB:library を使用してください。
LINK : warning LNK4098: defaultlib 'LIBCMT' は他のライブラリの使用と競合しています。/NODEFAULTLIB:library を使用してください。
  GameProgramming64.vcxproj -> C:\Users\JINTANI KOUTAROU\Desktop\2DLv1_00_x64vs2022\2DLv1_00_x64vs2022\x64\Debug\GameProgramming64.exe
