c:\users\jintani koutarou\documents\github\gcluc2026-fukuyama\sample3(授業後)\project\release\vc143.pdb
c:\users\jintani koutarou\documents\github\gcluc2026-fukuyama\sample3(授業後)\project\release\task.obj
c:\users\jintani koutarou\documents\github\gcluc2026-fukuyama\sample3(授業後)\project\release\storyscene.obj
c:\users\jintani koutarou\documents\github\gcluc2026-fukuyama\sample3(授業後)\project\release\slime.obj
c:\users\jintani koutarou\documents\github\gcluc2026-fukuyama\sample3(授業後)\project\release\shutome.obj
c:\users\jintani koutarou\documents\github\gcluc2026-fukuyama\sample3(授業後)\project\release\scenemanager.obj
c:\users\jintani koutarou\documents\github\gcluc2026-fukuyama\sample3(授業後)\project\release\player.obj
c:\users\jintani koutarou\documents\github\gcluc2026-fukuyama\sample3(授業後)\project\release\overscene.obj
c:\users\jintani koutarou\documents\github\gcluc2026-fukuyama\sample3(授業後)\project\release\obstacle.obj
c:\users\jintani koutarou\documents\github\gcluc2026-fukuyama\sample3(授業後)\project\release\objectbase.obj
c:\users\jintani koutarou\documents\github\gcluc2026-fukuyama\sample3(授業後)\project\release\main.obj
c:\users\jintani koutarou\documents\github\gcluc2026-fukuyama\sample3(授業後)\project\release\healitem.obj
c:\users\jintani koutarou\documents\github\gcluc2026-fukuyama\sample3(授業後)\project\release\gamescene.obj
c:\users\jintani koutarou\documents\github\gcluc2026-fukuyama\sample3(授業後)\project\release\field.obj
c:\users\jintani koutarou\documents\github\gcluc2026-fukuyama\sample3(授業後)\project\release\enemymanager.obj
c:\users\jintani koutarou\documents\github\gcluc2026-fukuyama\sample3(授業後)\project\release\enemybase.obj
c:\users\jintani koutarou\documents\github\gcluc2026-fukuyama\sample3(授業後)\project\release\dropobstacle.obj
c:\users\jintani koutarou\documents\github\gcluc2026-fukuyama\sample3(授業後)\project\release\debugprint.obj
c:\users\jintani koutarou\documents\github\gcluc2026-fukuyama\sample3(授業後)\project\release\clearscene.obj
c:\users\jintani koutarou\documents\github\gcluc2026-fukuyama\sample3(授業後)\project\release\charabase.obj
c:\users\jintani koutarou\documents\github\gcluc2026-fukuyama\sample3(授業後)\project\release\camera.obj
c:\users\jintani koutarou\documents\github\gcluc2026-fukuyama\sample3(授業後)\project\release\ui.obj
c:\users\jintani koutarou\documents\github\gcluc2026-fukuyama\sample3(授業後)\project\release\titlescene.obj
c:\users\jintani koutarou\documents\github\gcluc2026-fukuyama\sample3(授業後)\project\release\throwobject.obj
c:\users\jintani koutarou\documents\github\gcluc2026-fukuyama\sample3(授業後)\project\release\taskmanager.obj
c:\users\jintani koutarou\documents\github\gcluc2026-fukuyama\sample3(授業後)\game\gameproject.exe
c:\users\jintani koutarou\documents\github\gcluc2026-fukuyama\sample3(授業後)\game\gameproject.pdb
c:\users\jintani koutarou\documents\github\gcluc2026-fukuyama\sample3(授業後)\game\gameproject.lib
c:\users\jintani koutarou\documents\github\gcluc2026-fukuyama\sample3(授業後)\game\gameproject.exp
c:\users\jintani koutarou\documents\github\gcluc2026-fukuyama\sample3(授業後)\project\/../game/gameproject.pdb
c:\users\jintani koutarou\documents\github\gcluc2026-fukuyama\sample3(授業後)\project\release\gameproject.vcxproj.filelistabsolute.txt
c:\users\jintani koutarou\documents\github\gcluc2026-fukuyama\sample3(授業後)\project\release\gameproject.tlog\cl.command.1.tlog
c:\users\jintani koutarou\documents\github\gcluc2026-fukuyama\sample3(授業後)\project\release\gameproject.tlog\cl.items.tlog
c:\users\jintani koutarou\documents\github\gcluc2026-fukuyama\sample3(授業後)\project\release\gameproject.tlog\cl.read.1.tlog
c:\users\jintani koutarou\documents\github\gcluc2026-fukuyama\sample3(授業後)\project\release\gameproject.tlog\cl.write.1.tlog
c:\users\jintani koutarou\documents\github\gcluc2026-fukuyama\sample3(授業後)\project\release\gameproject.tlog\link.command.1.tlog
c:\users\jintani koutarou\documents\github\gcluc2026-fukuyama\sample3(授業後)\project\release\gameproject.tlog\link.read.1.tlog
c:\users\jintani koutarou\documents\github\gcluc2026-fukuyama\sample3(授業後)\project\release\gameproject.tlog\link.secondary.1.tlog
c:\users\jintani koutarou\documents\github\gcluc2026-fukuyama\sample3(授業後)\project\release\gameproject.tlog\link.write.1.tlog
