c:\users\gc250\onedrive\ドキュメント\github\gcluc2026-fukuyama\sample3(授業後)\project\debug\vc143.pdb
c:\users\gc250\onedrive\ドキュメント\github\gcluc2026-fukuyama\sample3(授業後)\project\debug\vc143.idb
c:\users\gc250\onedrive\ドキュメント\github\gcluc2026-fukuyama\sample3(授業後)\project\debug\taskmanager.obj
c:\users\gc250\onedrive\ドキュメント\github\gcluc2026-fukuyama\sample3(授業後)\project\debug\task.obj
c:\users\gc250\onedrive\ドキュメント\github\gcluc2026-fukuyama\sample3(授業後)\project\debug\slime.obj
c:\users\gc250\onedrive\ドキュメント\github\gcluc2026-fukuyama\sample3(授業後)\project\debug\shutome.obj
c:\users\gc250\onedrive\ドキュメント\github\gcluc2026-fukuyama\sample3(授業後)\project\debug\player.obj
c:\users\gc250\onedrive\ドキュメント\github\gcluc2026-fukuyama\sample3(授業後)\project\debug\objectbase.obj
c:\users\gc250\onedrive\ドキュメント\github\gcluc2026-fukuyama\sample3(授業後)\project\debug\main.obj
c:\users\gc250\onedrive\ドキュメント\github\gcluc2026-fukuyama\sample3(授業後)\project\debug\field.obj
c:\users\gc250\onedrive\ドキュメント\github\gcluc2026-fukuyama\sample3(授業後)\project\debug\enemymanager.obj
c:\users\gc250\onedrive\ドキュメント\github\gcluc2026-fukuyama\sample3(授業後)\project\debug\enemybase.obj
c:\users\gc250\onedrive\ドキュメント\github\gcluc2026-fukuyama\sample3(授業後)\project\debug\debugprint.obj
c:\users\gc250\onedrive\ドキュメント\github\gcluc2026-fukuyama\sample3(授業後)\project\debug\charabase.obj
c:\users\gc250\onedrive\ドキュメント\github\gcluc2026-fukuyama\sample3(授業後)\project\debug\camera.obj
c:\users\gc250\onedrive\ドキュメント\github\gcluc2026-fukuyama\sample3(授業後)\project\debug\titlescene.obj
c:\users\gc250\onedrive\ドキュメント\github\gcluc2026-fukuyama\sample3(授業後)\project\debug\scenemanager.obj
c:\users\gc250\onedrive\ドキュメント\github\gcluc2026-fukuyama\sample3(授業後)\project\debug\overscene.obj
c:\users\gc250\onedrive\ドキュメント\github\gcluc2026-fukuyama\sample3(授業後)\project\debug\clearscene.obj
c:\users\gc250\onedrive\ドキュメント\github\gcluc2026-fukuyama\sample3(授業後)\project\debug\gamescene.obj
c:\users\gc250\onedrive\ドキュメント\github\gcluc2026-fukuyama\sample3(授業後)\game\gameproject.exe
c:\users\gc250\onedrive\ドキュメント\github\gcluc2026-fukuyama\sample3(授業後)\game\gameproject.pdb
c:\users\gc250\onedrive\ドキュメント\github\gcluc2026-fukuyama\sample3(授業後)\game\gameproject.lib
c:\users\gc250\onedrive\ドキュメント\github\gcluc2026-fukuyama\sample3(授業後)\game\gameproject.exp
c:\users\gc250\onedrive\ドキュメント\github\gcluc2026-fukuyama\sample3(授業後)\project\debug\cameracpp.obj
c:\users\gc250\onedrive\ドキュメント\github\gcluc2026-fukuyama\sample3(授業後)\project\/../game/gameproject.pdb
c:\users\gc250\onedrive\ドキュメント\github\gcluc2026-fukuyama\sample3(授業後)\project\debug\gameproject.vcxproj.filelistabsolute.txt
c:\users\gc250\onedrive\ドキュメント\github\gcluc2026-fukuyama\sample3(授業後)\project\debug\gameproject.tlog\cl.command.1.tlog
c:\users\gc250\onedrive\ドキュメント\github\gcluc2026-fukuyama\sample3(授業後)\project\debug\gameproject.tlog\cl.items.tlog
c:\users\gc250\onedrive\ドキュメント\github\gcluc2026-fukuyama\sample3(授業後)\project\debug\gameproject.tlog\cl.read.1.tlog
c:\users\gc250\onedrive\ドキュメント\github\gcluc2026-fukuyama\sample3(授業後)\project\debug\gameproject.tlog\cl.write.1.tlog
c:\users\gc250\onedrive\ドキュメント\github\gcluc2026-fukuyama\sample3(授業後)\project\debug\gameproject.tlog\link.command.1.tlog
c:\users\gc250\onedrive\ドキュメント\github\gcluc2026-fukuyama\sample3(授業後)\project\debug\gameproject.tlog\link.read.1.tlog
c:\users\gc250\onedrive\ドキュメント\github\gcluc2026-fukuyama\sample3(授業後)\project\debug\gameproject.tlog\link.secondary.1.tlog
c:\users\gc250\onedrive\ドキュメント\github\gcluc2026-fukuyama\sample3(授業後)\project\debug\gameproject.tlog\link.write.1.tlog
