  Camera.cpp
C:\Users\gc250\Documents\GitHub\gcluc2026-fukuyama\Sample3(授業後)\Project\GameProject\Camera.cpp(50,16): warning C4244: '初期化中': 'int' から 'float' への変換です。データが失われる可能性があります。
  ClearScene.cpp
  Field.cpp
C:\Users\gc250\Documents\GitHub\gcluc2026-fukuyama\Sample3(授業後)\Project\GameProject\Field.cpp(16,37): warning C4244: '=': 'float' から 'int' への変換です。データが失われる可能性があります。
  main.cpp
C:\Users\gc250\Documents\GitHub\gcluc2026-fukuyama\Sample3(授業後)\Project\GameProject\main.cpp(5,1): error C2059: 構文エラー: '<<'
C:\Users\gc250\Documents\GitHub\gcluc2026-fukuyama\Sample3(授業後)\Project\GameProject\Camera.h(5,16): error C2059: 構文エラー: 'public'
  (ソース ファイル 'main.cpp' をコンパイルしています)
  
C:\Users\gc250\Documents\GitHub\gcluc2026-fukuyama\Sample3(授業後)\Project\GameProject\Camera.h(6,1): error C2143: 構文エラー: ';' が '{' の前にありません。
  (ソース ファイル 'main.cpp' をコンパイルしています)
  
C:\Users\gc250\Documents\GitHub\gcluc2026-fukuyama\Sample3(授業後)\Project\GameProject\Camera.h(6,1): error C2447: '{': 対応する関数ヘッダーがありません (旧形式の仮引数リスト?)
  (ソース ファイル 'main.cpp' をコンパイルしています)
  
C:\Users\gc250\Documents\GitHub\gcluc2026-fukuyama\Sample3(授業後)\Project\GameProject\main.cpp(11,1): error C2059: 構文エラー: '>>'
C:\Users\gc250\Documents\GitHub\gcluc2026-fukuyama\Sample3(授業後)\Project\GameProject\main.cpp(17,1): error C2143: 構文エラー: ';' が '{' の前にありません。
C:\Users\gc250\Documents\GitHub\gcluc2026-fukuyama\Sample3(授業後)\Project\GameProject\main.cpp(17,1): error C2447: '{': 対応する関数ヘッダーがありません (旧形式の仮引数リスト?)
C:\Users\gc250\Documents\GitHub\gcluc2026-fukuyama\Sample3(授業後)\Project\GameProject\main.cpp(79,2): error C2653: 'Camera': 識別子がクラス名でも名前空間名でもありません。
C:\Users\gc250\Documents\GitHub\gcluc2026-fukuyama\Sample3(授業後)\Project\GameProject\main.cpp(79,10): error C3861: 'Instance': 識別子が見つかりませんでした
C:\Users\gc250\Documents\GitHub\gcluc2026-fukuyama\Sample3(授業後)\Project\GameProject\main.cpp(104,42): warning C4244: '引数': 'int' から 'float' への変換です。データが失われる可能性があります。
C:\Users\gc250\Documents\GitHub\gcluc2026-fukuyama\Sample3(授業後)\Project\GameProject\main.cpp(104,39): warning C4244: '引数': 'int' から 'float' への変換です。データが失われる可能性があります。
C:\Users\gc250\Documents\GitHub\gcluc2026-fukuyama\Sample3(授業後)\Project\GameProject\main.cpp(218,3): error C3861: 'MainLoop': 識別子が見つかりませんでした
  ObjectBase.cpp
  OverScene.cpp
  Player.cpp
  SceneManager.cpp
  TitleScene.cpp
  コードを生成中...
